// Jest Snapshot v1, https://goo.gl/fbAQLP

exports[`build with a babel error should throw an error 2`] = `babel --out-dir dist --copy-files --ignore __tests__,__mocks__ src`;

exports[`build with babel should compile files to a specified --out-dir 1`] = `babel --copy-files --ignore __tests__,__mocks__ src --out-dir`;

exports[`build with babel should compile files with --presets when using a built in config 1`] = `babel --out-dir dist --presets ~/src/config/babelrc.js --copy-files --ignore __tests__,__mocks__ src`;

exports[`build with babel should ignore files set with --ignore 1`] = `babel --out-dir dist --copy-files src --ignore somefile.js`;

exports[`build with babel should not copy files with --no-copy-files 1`] = `babel --out-dir dist --ignore __tests__,__mocks__ src --no-copy-files`;

exports[`build with babel should use default args 1`] = `babel --out-dir dist --copy-files --ignore __tests__,__mocks__ src`;

exports[`build with typescript and no specified extenstions should also compile .ts,.tsx files 1`] = `babel --out-dir dist --copy-files --ignore __tests__,__mocks__ src --extensions .es6,.es,.jsx,.js,.mjs,.ts,.tsx --source-maps inline`;

exports[`build with typescript and no specified extenstions should also compile .ts,.tsx files 2`] = `tsc --emitDeclarationOnly`;

exports[`build with typescript and specified --extensions should only compile specified --extensions 1`] = `babel --out-dir dist --copy-files --ignore __tests__,__mocks__ src --extensions .ts --source-maps inline`;

exports[`build with typescript and specified --extensions should only compile specified --extensions 2`] = `tsc --emitDeclarationOnly`;

exports[`build with typescript and specified --source-maps should only compile specified --source-maps 1`] = `babel --out-dir dist --copy-files --ignore __tests__,__mocks__ src --source-maps --extensions .es6,.es,.jsx,.js,.mjs,.ts,.tsx`;

exports[`build with typescript and specified --source-maps should only compile specified --source-maps 2`] = `tsc --emitDeclarationOnly`;
