// Jest Snapshot v1, https://goo.gl/fbAQLP

exports[`lint --no-cache will disable caching 1`] = `eslint --no-cache --ext .js,.jsx,.ts,.tsx .`;

exports[`lint calls eslint CLI with default args 1`] = `eslint --cache --ext .js,.jsx,.ts,.tsx .`;

exports[`lint runs on given files, but only js files 1`] = `eslint --cache ./src/index.js ./src/component.js --ext .js,.jsx,.ts,.tsx`;

exports[`lint should compile files with --presets and --ignore-path when using built in configs 1`] = `eslint --config ~/src/config/eslintrc.js --ignore-path ~/src/config/eslintignore --cache --ext .js,.jsx,.ts,.tsx .`;
