// Jest Snapshot v1, https://goo.gl/fbAQLP

exports[`scripts validate allows you to specify your own npm scripts 1`] = `concurrently --kill-others-on-fail --prefix [{name}] --names specialbuild,specialtest,speciallint --prefix-colors bgBlue.bold.reset,bgGreen.bold.reset,bgMagenta.bold.reset "yarn specialbuild --silent" "yarn specialtest --silent" "yarn speciallint --silent"`;

exports[`scripts validate calls concurrently with all scripts 1`] = `concurrently --kill-others-on-fail --prefix [{name}] --names format,build,lint,test --prefix-colors bgBlue.bold.reset,bgGreen.bold.reset,bgMagenta.bold.reset,bgCyan.bold.reset "yarn format --check --no-write" "yarn build" "yarn lint --quiet" "yarn test --silent --all --coverage"`;

exports[`scripts validate does not include "build" if it doesn't have that script 1`] = `concurrently --kill-others-on-fail --prefix [{name}] --names format,build,lint,test --prefix-colors bgBlue.bold.reset,bgGreen.bold.reset,bgMagenta.bold.reset,bgCyan.bold.reset "yarn format --check --no-write" "yarn build" "yarn lint --quiet" "yarn test --silent --all --coverage"`;

exports[`scripts validate does not include "flow" if it doesn't have that script 1`] = `concurrently --kill-others-on-fail --prefix [{name}] --names format,build,lint,test --prefix-colors bgBlue.bold.reset,bgGreen.bold.reset,bgMagenta.bold.reset,bgCyan.bold.reset "yarn format --check --no-write" "yarn build" "yarn lint --quiet" "yarn test --silent --all --coverage"`;

exports[`scripts validate does not include "lint" if it doesn't have that script 1`] = `concurrently --kill-others-on-fail --prefix [{name}] --names format,build,lint,test --prefix-colors bgBlue.bold.reset,bgGreen.bold.reset,bgMagenta.bold.reset,bgCyan.bold.reset "yarn format --check --no-write" "yarn build" "yarn lint --quiet" "yarn test --silent --all --coverage"`;

exports[`scripts validate does not include "test" if it doesn't have that script 1`] = `concurrently --kill-others-on-fail --prefix [{name}] --names format,build,lint,test --prefix-colors bgBlue.bold.reset,bgGreen.bold.reset,bgMagenta.bold.reset,bgCyan.bold.reset "yarn format --check --no-write" "yarn build" "yarn lint --quiet" "yarn test --silent --all --coverage"`;

exports[`scripts validate doesn't use test or lint if it's in pre-commit 1`] = `concurrently --kill-others-on-fail --prefix [{name}] --names format,build --prefix-colors bgBlue.bold.reset,bgGreen.bold.reset "yarn format --check --no-write" "yarn build"`;
